V3 3
FL E:/again_100_floors/again_100_floors/ipcore_dir/huitailang_rom.vhd 2015/01/08.16:58:32 P.20131013
EN work/huitailang_rom 1420792864 \
      FL E:/again_100_floors/again_100_floors/ipcore_dir/huitailang_rom.vhd \
      PB ieee/std_logic_1164 1381692176
AR work/huitailang_rom/huitailang_rom_a 1420792865 \
      FL E:/again_100_floors/again_100_floors/ipcore_dir/huitailang_rom.vhd \
      EN work/huitailang_rom 1420792864
